>>> print_square = __import__("4-print_square").print_square
>>> print_square(3)
###
###
###
>>> print_square(3.1)
Traceback (most recent call last):
  File "<stdin>", line 1, in <module>
  File "/mnt/d/ALX/revision_ALX/higher_level_programming/0x07/4-print_square.py", line 12, in print_square
    raise TypeError("size must be an integer")
TypeError: size must be an integer
>>> print_square(3.0)
Traceback (most recent call last):
  File "<stdin>", line 1, in <module>
  File "/mnt/d/ALX/revision_ALX/higher_level_programming/0x07/4-print_square.py", line 12, in print_square
    raise TypeError("size must be an integer")
TypeError: size must be an integer
>>> print_square(-1)
Traceback (most recent call last):
  File "<stdin>", line 1, in <module>
  File "/mnt/d/ALX/revision_ALX/higher_level_programming/0x07/4-print_square.py", line 15, in print_square
    raise ValueError("size must be >= 0")
ValueError: size must be >= 0
>>> print_square("a")
Traceback (most recent call last):
  File "<stdin>", line 1, in <module>
  File "/mnt/d/ALX/revision_ALX/higher_level_programming/0x07/4-print_square.py", line 12, in print_square
    raise TypeError("size must be an integer")
TypeError: size must be an integer
>>> print_square(None)
Traceback (most recent call last):
  File "<stdin>", line 1, in <module>
  File "/mnt/d/ALX/revision_ALX/higher_level_programming/0x07/4-print_square.py", line 12, in print_square
    raise TypeError("size must be an integer")
TypeError: size must be an integer
